// Jest Snapshot v1, https://goo.gl/fbAQLP

exports[`PokemonPage component debe hacer match con el snapshot cuando cargan los pokemon 1`] = `
<div>
  <h1> ¿Quién es este pokémon? </h1>
  <!--img-->
  <pokemon-picture-stub pokemonid="1" showpokemon="false"></pokemon-picture-stub>
  <!--opciones-->
  <pokemon-options-stub pokemons="[object Object],[object Object],[object Object],[object Object]"></pokemon-options-stub>
  <!--v-if-->
</div>
`;
